// Jest Snapshot v1, https://goo.gl/fbAQLP

exports[`<RegisterScreen/> render the register form correctly 1`] = `
Object {
  "asFragment": [Function],
  "baseElement": <body>
    <div>
      <div
        class="container"
      >
        <div
          class="row"
        >
          
          <div
            class="mx-auto col-lg-4 col-md-6 col-sm-12"
          >
            <div
              align="center"
              class="fade alert alert-success show"
              role="alert"
            >
              Successfully Registered! 
              <a
                href="/signin"
              >
                Login
              </a>
               to Continue
            </div>
          </div>
          <div
            class="col-sm-12"
          >
            <h3
              align="center"
              class="pt-2"
            >
              REGISTER WITH US
            </h3>
          </div>
          <div
            class="mx-auto col-lg-4 col-md-6 col-sm-12"
          >
            <form
              class=""
            >
              <div
                class="form-group"
              >
                <label
                  class="form-label"
                  for="formBasicFirstname"
                >
                  First Name
                </label>
                <input
                  class="form-control"
                  id="firstname"
                  name="firstname"
                  placeholder="Enter first name"
                  type="text"
                  value=""
                />
              </div>
              <div
                class="form-group"
              >
                <label
                  class="form-label"
                >
                  Last Name
                </label>
                <input
                  class="form-control"
                  id="lastname"
                  name="lastname"
                  placeholder="Enter last name"
                  type="text"
                  value=""
                />
              </div>
              <div
                class="form-group"
              >
                <label
                  class="form-label"
                >
                  Email address
                </label>
                <input
                  class="form-control"
                  id="email"
                  name="email"
                  placeholder="Enter email"
                  type="email"
                  value=""
                />
              </div>
              <div
                class="form-group"
              >
                <label
                  class="form-label"
                >
                  Location
                </label>
                <input
                  class="form-control"
                  id="location"
                  name="location"
                  placeholder="Enter your location"
                  type="text"
                  value=""
                />
              </div>
              <div
                class="form-group"
              >
                <label
                  class="form-label"
                >
                  Phone Number
                </label>
                <input
                  class="form-control"
                  id="mobile"
                  name="mobile"
                  placeholder="Enter Phone number"
                  type="text"
                  value=""
                />
              </div>
              <div
                class="form-group"
              >
                <label
                  class="form-label"
                >
                  Password
                </label>
                <input
                  class="form-control"
                  id="password"
                  name="password"
                  placeholder="Password"
                  type="password"
                  value=""
                />
              </div>
              <div
                class="form-group"
              >
                <label
                  class="form-label"
                  for="formBasicEmail"
                >
                  Confirm Password
                </label>
                <input
                  class="form-control"
                  id="confirmPassword"
                  name="confirmPassword"
                  placeholder="Enter password again"
                  type="password"
                  value=""
                />
              </div>
              <button
                class="btn btn-primary"
                type="submit"
              >
                Submit
              </button>
            </form>
          </div>
          <div
            class="col-sm-12"
          >
            <h5
              align="center"
              class="pt-2"
            >
              Already having account? 
              <a
                href="/signin"
              >
                SIGN IN
              </a>
            </h5>
          </div>
        </div>
      </div>
    </div>
  </body>,
  "container": <div>
    <div
      class="container"
    >
      <div
        class="row"
      >
        
        <div
          class="mx-auto col-lg-4 col-md-6 col-sm-12"
        >
          <div
            align="center"
            class="fade alert alert-success show"
            role="alert"
          >
            Successfully Registered! 
            <a
              href="/signin"
            >
              Login
            </a>
             to Continue
          </div>
        </div>
        <div
          class="col-sm-12"
        >
          <h3
            align="center"
            class="pt-2"
          >
            REGISTER WITH US
          </h3>
        </div>
        <div
          class="mx-auto col-lg-4 col-md-6 col-sm-12"
        >
          <form
            class=""
          >
            <div
              class="form-group"
            >
              <label
                class="form-label"
                for="formBasicFirstname"
              >
                First Name
              </label>
              <input
                class="form-control"
                id="firstname"
                name="firstname"
                placeholder="Enter first name"
                type="text"
                value=""
              />
            </div>
            <div
              class="form-group"
            >
              <label
                class="form-label"
              >
                Last Name
              </label>
              <input
                class="form-control"
                id="lastname"
                name="lastname"
                placeholder="Enter last name"
                type="text"
                value=""
              />
            </div>
            <div
              class="form-group"
            >
              <label
                class="form-label"
              >
                Email address
              </label>
              <input
                class="form-control"
                id="email"
                name="email"
                placeholder="Enter email"
                type="email"
                value=""
              />
            </div>
            <div
              class="form-group"
            >
              <label
                class="form-label"
              >
                Location
              </label>
              <input
                class="form-control"
                id="location"
                name="location"
                placeholder="Enter your location"
                type="text"
                value=""
              />
            </div>
            <div
              class="form-group"
            >
              <label
                class="form-label"
              >
                Phone Number
              </label>
              <input
                class="form-control"
                id="mobile"
                name="mobile"
                placeholder="Enter Phone number"
                type="text"
                value=""
              />
            </div>
            <div
              class="form-group"
            >
              <label
                class="form-label"
              >
                Password
              </label>
              <input
                class="form-control"
                id="password"
                name="password"
                placeholder="Password"
                type="password"
                value=""
              />
            </div>
            <div
              class="form-group"
            >
              <label
                class="form-label"
                for="formBasicEmail"
              >
                Confirm Password
              </label>
              <input
                class="form-control"
                id="confirmPassword"
                name="confirmPassword"
                placeholder="Enter password again"
                type="password"
                value=""
              />
            </div>
            <button
              class="btn btn-primary"
              type="submit"
            >
              Submit
            </button>
          </form>
        </div>
        <div
          class="col-sm-12"
        >
          <h5
            align="center"
            class="pt-2"
          >
            Already having account? 
            <a
              href="/signin"
            >
              SIGN IN
            </a>
          </h5>
        </div>
      </div>
    </div>
  </div>,
  "debug": [Function],
  "findAllByAltText": [Function],
  "findAllByDisplayValue": [Function],
  "findAllByLabelText": [Function],
  "findAllByPlaceholderText": [Function],
  "findAllByRole": [Function],
  "findAllByTestId": [Function],
  "findAllByText": [Function],
  "findAllByTitle": [Function],
  "findByAltText": [Function],
  "findByDisplayValue": [Function],
  "findByLabelText": [Function],
  "findByPlaceholderText": [Function],
  "findByRole": [Function],
  "findByTestId": [Function],
  "findByText": [Function],
  "findByTitle": [Function],
  "getAllByAltText": [Function],
  "getAllByDisplayValue": [Function],
  "getAllByLabelText": [Function],
  "getAllByPlaceholderText": [Function],
  "getAllByRole": [Function],
  "getAllByTestId": [Function],
  "getAllByText": [Function],
  "getAllByTitle": [Function],
  "getByAltText": [Function],
  "getByDisplayValue": [Function],
  "getByLabelText": [Function],
  "getByPlaceholderText": [Function],
  "getByRole": [Function],
  "getByTestId": [Function],
  "getByText": [Function],
  "getByTitle": [Function],
  "queryAllByAltText": [Function],
  "queryAllByDisplayValue": [Function],
  "queryAllByLabelText": [Function],
  "queryAllByPlaceholderText": [Function],
  "queryAllByRole": [Function],
  "queryAllByTestId": [Function],
  "queryAllByText": [Function],
  "queryAllByTitle": [Function],
  "queryByAltText": [Function],
  "queryByDisplayValue": [Function],
  "queryByLabelText": [Function],
  "queryByPlaceholderText": [Function],
  "queryByRole": [Function],
  "queryByTestId": [Function],
  "queryByText": [Function],
  "queryByTitle": [Function],
  "rerender": [Function],
  "unmount": [Function],
}
`;
