// Jest Snapshot v1, https://goo.gl/fbAQLP

exports[`<Header/> render the header correctly 1`] = `
Object {
  "asFragment": [Function],
  "baseElement": <body>
    <div>
      <header>
        <nav
          class="navbar navbar-expand-lg navbar-light bg-danger"
        >
          <div
            class="container"
          >
            <a
              class="brand active navbar-brand"
              href="/"
            >
              Issue Tracker
            </a>
            <button
              aria-controls="basic-navbar-nav"
              aria-label="Toggle navigation"
              class="navbar-toggler collapsed"
              type="button"
            >
              <span
                class="navbar-toggler-icon"
              />
            </button>
            <div
              class="navbar-collapse collapse"
              id="basic-navbar-nav justify-content-end"
            >
              <div
                class="ml-auto navbar-nav"
              >
                <a
                  class="nav-link nav-link"
                  data-rb-event-key="/about"
                  href="/about"
                >
                   ABOUT
                </a>
                <a
                  class="nav-link nav-link"
                  data-rb-event-key="/issues"
                  href="/issues"
                >
                   ISSUES
                </a>
                <a
                  class="nav-link nav-link"
                  data-rb-event-key="/reports"
                  href="/reports"
                >
                   REPORTS
                </a>
                <a
                  class="login-btn btn btn-dark"
                  href="/signin"
                >
                  <i
                    class="fas fa-user"
                  />
                   LOGOUT
                </a>
              </div>
            </div>
          </div>
        </nav>
      </header>
    </div>
    <div>
      <header>
        <nav
          class="navbar navbar-expand-lg navbar-light bg-danger"
        >
          <div
            class="container"
          >
            <a
              class="brand active navbar-brand"
              href="/"
            >
              Issue Tracker
            </a>
            <button
              aria-controls="basic-navbar-nav"
              aria-label="Toggle navigation"
              class="navbar-toggler collapsed"
              type="button"
            >
              <span
                class="navbar-toggler-icon"
              />
            </button>
            <div
              class="navbar-collapse collapse"
              id="basic-navbar-nav justify-content-end"
            >
              <div
                class="ml-auto navbar-nav"
              >
                <a
                  class="nav-link nav-link"
                  data-rb-event-key="/about"
                  href="/about"
                >
                   ABOUT
                </a>
                <a
                  class="nav-link nav-link"
                  data-rb-event-key="/issues"
                  href="/issues"
                >
                   ISSUES
                </a>
                <a
                  class="nav-link nav-link"
                  data-rb-event-key="/reports"
                  href="/reports"
                >
                   REPORTS
                </a>
                <a
                  class="login-btn btn btn-dark"
                  href="/signin"
                >
                  <i
                    class="fas fa-user"
                  />
                   LOGOUT
                </a>
              </div>
            </div>
          </div>
        </nav>
      </header>
    </div>
  </body>,
  "container": <div>
    <header>
      <nav
        class="navbar navbar-expand-lg navbar-light bg-danger"
      >
        <div
          class="container"
        >
          <a
            class="brand active navbar-brand"
            href="/"
          >
            Issue Tracker
          </a>
          <button
            aria-controls="basic-navbar-nav"
            aria-label="Toggle navigation"
            class="navbar-toggler collapsed"
            type="button"
          >
            <span
              class="navbar-toggler-icon"
            />
          </button>
          <div
            class="navbar-collapse collapse"
            id="basic-navbar-nav justify-content-end"
          >
            <div
              class="ml-auto navbar-nav"
            >
              <a
                class="nav-link nav-link"
                data-rb-event-key="/about"
                href="/about"
              >
                 ABOUT
              </a>
              <a
                class="nav-link nav-link"
                data-rb-event-key="/issues"
                href="/issues"
              >
                 ISSUES
              </a>
              <a
                class="nav-link nav-link"
                data-rb-event-key="/reports"
                href="/reports"
              >
                 REPORTS
              </a>
              <a
                class="login-btn btn btn-dark"
                href="/signin"
              >
                <i
                  class="fas fa-user"
                />
                 LOGOUT
              </a>
            </div>
          </div>
        </div>
      </nav>
    </header>
  </div>,
  "debug": [Function],
  "findAllByAltText": [Function],
  "findAllByDisplayValue": [Function],
  "findAllByLabelText": [Function],
  "findAllByPlaceholderText": [Function],
  "findAllByRole": [Function],
  "findAllByTestId": [Function],
  "findAllByText": [Function],
  "findAllByTitle": [Function],
  "findByAltText": [Function],
  "findByDisplayValue": [Function],
  "findByLabelText": [Function],
  "findByPlaceholderText": [Function],
  "findByRole": [Function],
  "findByTestId": [Function],
  "findByText": [Function],
  "findByTitle": [Function],
  "getAllByAltText": [Function],
  "getAllByDisplayValue": [Function],
  "getAllByLabelText": [Function],
  "getAllByPlaceholderText": [Function],
  "getAllByRole": [Function],
  "getAllByTestId": [Function],
  "getAllByText": [Function],
  "getAllByTitle": [Function],
  "getByAltText": [Function],
  "getByDisplayValue": [Function],
  "getByLabelText": [Function],
  "getByPlaceholderText": [Function],
  "getByRole": [Function],
  "getByTestId": [Function],
  "getByText": [Function],
  "getByTitle": [Function],
  "queryAllByAltText": [Function],
  "queryAllByDisplayValue": [Function],
  "queryAllByLabelText": [Function],
  "queryAllByPlaceholderText": [Function],
  "queryAllByRole": [Function],
  "queryAllByTestId": [Function],
  "queryAllByText": [Function],
  "queryAllByTitle": [Function],
  "queryByAltText": [Function],
  "queryByDisplayValue": [Function],
  "queryByLabelText": [Function],
  "queryByPlaceholderText": [Function],
  "queryByRole": [Function],
  "queryByTestId": [Function],
  "queryByText": [Function],
  "queryByTitle": [Function],
  "rerender": [Function],
  "unmount": [Function],
}
`;
